root@ubuntu-s-2vcpu-4gb-blr1-01:~# docker volume create --name nexus-data
nexus-data
root@ubuntu-s-2vcpu-4gb-blr1-01:~# docker volume

Usage:  docker volume COMMAND

Manage volumes

Commands:
  create      Create a volume
  inspect     Display detailed information on one or more volumes
  ls          List volumes
  prune       Remove unused local volumes
  rm          Remove one or more volumes

Run 'docker volume COMMAND --help' for more information on a command.
root@ubuntu-s-2vcpu-4gb-blr1-01:~# docker volume ls
DRIVER    VOLUME NAME
local     nexus-data
root@ubuntu-s-2vcpu-4gb-blr1-01:~# docker run -d -p 8081:8081 --name nexus -v nexus-data:/nexus-data sonatype/nexus3
Unable to find image 'sonatype/nexus3:latest' locally
latest: Pulling from sonatype/nexus3
0e8d054612b4: Pull complete
cf05f9a5249d: Pull complete
df541fe4f952: Pull complete
b61db6f43176: Pull complete
ec2ae61817be: Pull complete
a790a04a564a: Pull complete
Digest: sha256:8a844905a20f2ae93b9bab0d2db39e155ce03d6b4ab5fa70a461ca9ddce40307
Status: Downloaded newer image for sonatype/nexus3:latest
12abe7ee011e3445f4a8a0a6d6bcc92b6b8eacf5b56e6a220703a3797b8552cf
root@ubuntu-s-2vcpu-4gb-blr1-01:~# netstat -lntp
Command 'netstat' not found, but can be installed with:
apt install net-tools
root@ubuntu-s-2vcpu-4gb-blr1-01:~# apt install net-tools
Installing:
  net-tools

Summary:
  Upgrading: 0, Installing: 1, Removing: 0, Not Upgrading: 161
  Download size: 204 kB
  Space needed: 807 kB / 79.2 GB available

Get:1 http://mirrors.digitalocean.com/ubuntu oracular/main amd64 net-tools amd64 2.10-1.1ubuntu1 [204 kB]
Fetched 204 kB in 0s (604 kB/s)
Selecting previously unselected package net-tools.
(Reading database ... 76045 files and directories currently installed.)
Preparing to unpack .../net-tools_2.10-1.1ubuntu1_amd64.deb ...
Unpacking net-tools (2.10-1.1ubuntu1) ...
Setting up net-tools (2.10-1.1ubuntu1) ...
Processing triggers for man-db (2.12.1-3) ...
Scanning processes...
Scanning linux images...

Running kernel seems to be up-to-date.

No services need to be restarted.

No containers need to be restarted.

No user sessions are running outdated binaries.

No VM guests are running outdated hypervisor (qemu) binaries on this host.
root@ubuntu-s-2vcpu-4gb-blr1-01:~# netstat -lntp
Active Internet connections (only servers)
Proto Recv-Q Send-Q Local Address           Foreign Address         State       PID/Program name
tcp        0      0 127.0.0.54:53           0.0.0.0:*               LISTEN      497/

root@ubuntu-s-2vcpu-4gb-blr1-01:~# docker volume ls
DRIVER    VOLUME NAME
local     nexus-data
root@ubuntu-s-2vcpu-4gb-blr1-01:~# docker inspect nexus-data
[
    {
        "CreatedAt": "2025-05-22T10:29:34Z",
        "Driver": "local",
        "Labels": null,
        "Mountpoint": "/var/snap/docker/common/var-lib-docker/volumes/nexus-data/_data",
        "Name": "nexus-data",
        "Options": null,
        "Scope": "local"
    }
]
root@ubuntu-s-2vcpu-4gb-blr1-01:~# ls /var/snap/docker/common/var-lib-docker/volumes/nexus-data/_data
admin.password  blobs  clean_cache  db  elasticsearch  etc  javaprefs  keystores  log  restore-from-backup  tmp
root@ubuntu-s-2vcpu-4gb-blr1-01:~# docker ps
CONTAINER ID   IMAGE             COMMAND                  CREATED          STATUS          PORTS                                       NAMES
12abe7ee011e   sonatype/nexus3   "/opt/sonatype/nexusâ€¦"   10 minutes ago   Up 10 minutes   0.0.0.0:8081->8081/tcp, :::8081->8081/tcp   nexus
root@ubuntu-s-2vcpu-4gb-blr1-01:~# docker exec -it 12abe7ee011e /bn/bash
OCI runtime exec failed: exec failed: unable to start container process: exec: "/bn/bash": stat /bn/bash: no such file or directory: unknown
root@ubuntu-s-2vcpu-4gb-blr1-01:~# docker exec -it 12abe7ee011e /bin/bash
bash-5.1$ ls
nexus  sonatype-work  start-nexus-repository-manager.sh
bash-5.1$ cd nexus/
bash-5.1$ ls
NOTICE.txt  OSS-LICENSE.txt  bin  deploy  etc
bash-5.1$ cd ..
bash-5.1$ ls
nexus  sonatype-work  start-nexus-repository-manager.sh
bash-5.1$


