  754  kubectl get pods
  755  kubectl get pods
  756  helm repo add prometheus-community https://prometheus-community.github.io/helm-charts
  757  helm ls
  758  helm list
  759  clear
  760  helm repo add stable https://kubernetes-charts.storage.googleapis.com/
  761  helm repo add stable https://charts.helm.sh/stable
  762  helm repo update
  763  helm repo list
  764  helm repo remove mongodb
  765  helm repo list
  766  helm repo remove bitnami
  767  helm repo list
  768  helm repo list
  769  clear
  770  helm install prometheus prometheus-community/kube-prometheus-stack
  771  helm repo list
  772  kubectl get pods
  773  kubectl get pods
  774  kubectl get pod
  775  clear
  776  helm install prometheus stable/prometheus-operator
  777  kubectl get pod
  778  kubectl get all



Lenovo@DESKTOP-M5DT73G MINGW64 ~/Downloads
$ kubectl get pod
NAME                                                   READY   STATUS              RESTARTS   AGE
prometheus-grafana-9676cd6bf-lzhtz                     0/3     ContainerCreating   0          3m34s
prometheus-kube-prometheus-operator-5c6d5464db-6sd6d   0/1     ContainerCreating   0          3m34s
prometheus-kube-state-metrics-f8fc86d54-zh9tt          1/1     Running             0          3m34s
prometheus-prometheus-node-exporter-2snjm              1/1     Running             0          3m35s

Lenovo@DESKTOP-M5DT73G MINGW64 ~/Downloads
$ kubectl get all
NAME                                                       READY   STATUS              RESTARTS   AGE
pod/prometheus-grafana-9676cd6bf-lzhtz                     0/3     ContainerCreating   0          3m50s
pod/prometheus-kube-prometheus-operator-5c6d5464db-6sd6d   0/1     Running             0          3m50s
pod/prometheus-kube-state-metrics-f8fc86d54-zh9tt          1/1     Running             0          3m50s
pod/prometheus-prometheus-node-exporter-2snjm              1/1     Running             0          3m51s

NAME                                              TYPE        CLUSTER-IP       EXTERNAL-IP   PORT(S)             AGE
service/db                                        ClusterIP   10.104.241.94    <none>        3306/TCP            4d20h
service/kubernetes                                ClusterIP   10.96.0.1        <none>        443/TCP             8d
service/my-nginx                                  ClusterIP   10.106.248.64    <none>        80/TCP              8d
service/prometheus-grafana                        ClusterIP   10.109.47.103    <none>        80/TCP              3m59s
service/prometheus-kube-prometheus-alertmanager   ClusterIP   10.111.254.166   <none>        9093/TCP,8080/TCP   3m59s
service/prometheus-kube-prometheus-operator       ClusterIP   10.109.44.42     <none>        443/TCP             3m59s
service/prometheus-kube-prometheus-prometheus     ClusterIP   10.111.214.111   <none>        9090/TCP,8080/TCP   3m59s
service/prometheus-kube-state-metrics             ClusterIP   10.103.77.101    <none>        8080/TCP            3m59s
service/prometheus-prometheus-node-exporter       ClusterIP   10.110.116.124   <none>        9100/TCP            3m59s
service/pythonapp                                 ClusterIP   10.109.7.103     <none>        5000/TCP            4d20h

NAME                                                 DESIRED   CURRENT   READY   UP-TO-DATE   AVAILABLE   NODE SELECTOR            AGE
daemonset.apps/prometheus-prometheus-node-exporter   1         1         1       1            1           kubernetes.io/os=linux   3m53s

NAME                                                  READY   UP-TO-DATE   AVAILABLE   AGE
deployment.apps/prometheus-grafana                    0/1     1            0           3m53s
deployment.apps/prometheus-kube-prometheus-operator   0/1     1            0           3m53s
deployment.apps/prometheus-kube-state-metrics         1/1     1            1           3m53s

NAME                                                             DESIRED   CURRENT   READY   AGE
replicaset.apps/prometheus-grafana-9676cd6bf                     1         1         0       3m51s
replicaset.apps/prometheus-kube-prometheus-operator-5c6d5464db   1         1         0       3m51s
replicaset.apps/prometheus-kube-state-metrics-f8fc86d54          1         1         1       3m51s


Lenovo@DESKTOP-M5DT73G MINGW64 ~
$ kubectl get configmap
NAME                                                           DATA   AGE
kube-root-ca.crt                                               1      9d
mosquitto-config-file                                          1      7d5h
prometheus-grafana                                             1      24h
prometheus-grafana-config-dashboards                           1      24h
prometheus-kube-prometheus-alertmanager-overview               1      24h
prometheus-kube-prometheus-apiserver                           1      24h
prometheus-kube-prometheus-cluster-total                       1      24h
prometheus-kube-prometheus-controller-manager                  1      24h
prometheus-kube-prometheus-etcd                                1      24h
prometheus-kube-prometheus-grafana-datasource                  1      24h
prometheus-kube-prometheus-grafana-overview                    1      24h
prometheus-kube-prometheus-k8s-coredns                         1      24h
prometheus-kube-prometheus-k8s-resources-cluster               1      24h
prometheus-kube-prometheus-k8s-resources-multicluster          1      24h
prometheus-kube-prometheus-k8s-resources-namespace             1      24h
prometheus-kube-prometheus-k8s-resources-node                  1      24h
prometheus-kube-prometheus-k8s-resources-pod                   1      24h
prometheus-kube-prometheus-k8s-resources-workload              1      24h
prometheus-kube-prometheus-k8s-resources-workloads-namespace   1      24h
prometheus-kube-prometheus-kubelet                             1      24h
prometheus-kube-prometheus-namespace-by-pod                    1      24h
prometheus-kube-prometheus-namespace-by-workload               1      24h
prometheus-kube-prometheus-node-cluster-rsrc-use               1      24h
prometheus-kube-prometheus-node-rsrc-use                       1      24h
prometheus-kube-prometheus-nodes                               1      24h
prometheus-kube-prometheus-nodes-aix                           1      24h
prometheus-kube-prometheus-nodes-darwin                        1      24h
prometheus-kube-prometheus-persistentvolumesusage              1      24h
prometheus-kube-prometheus-pod-total                           1      24h
prometheus-kube-prometheus-prometheus                          1      24h
prometheus-kube-prometheus-proxy                               1      24h
prometheus-kube-prometheus-scheduler                           1      24h
prometheus-kube-prometheus-workload-total                      1      24h
prometheus-prometheus-kube-prometheus-prometheus-rulefiles-0   35     24h


Lenovo@DESKTOP-M5DT73G MINGW64 ~
$ kubectl get sts
NAME                                                   READY   AGE
alertmanager-prometheus-kube-prometheus-alertmanager   1/1     24h
prometheus-prometheus-kube-prometheus-prometheus       1/1     24h

Lenovo@DESKTOP-M5DT73G MINGW64 ~
$ kubectl describe sts prometheus-prometheus-kube-prometheus-prometheus > prom.yaml

Lenovo@DESKTOP-M5DT73G MINGW64 ~
$ ls
'3D Objects'/         Favorites/               NTUSER.DAT{4688875e-bb80-11ef-9956-cf73f72ebd02}.TM.blf                                        Recent@        'VirtualBox VMs'/   istio/             terraform
 AppData/             IdeaProjects/            NTUSER.DAT{4688875e-bb80-11ef-9956-cf73f72ebd02}.TMContainer00000000000000000001.regtrans-ms  'Saved Games'/   anaconda3/         kubernetes/        wezwa2024/
'Application Data'@   IntelGraphicsProfiles/   NTUSER.DAT{4688875e-bb80-11ef-9956-cf73f72ebd02}.TMContainer00000000000000000002.regtrans-ms   Searches/       devsecops-demo/    main.go
 Contacts/            Links/                   NetHood@                                                                                       SendTo@         docker/            ntuser.dat.LOG1
 Cookies@            'Local Settings'@         OneDrive/                                                                                     'Start Menu'@    er/                ntuser.dat.LOG2
 Desktop/             Music/                   Pictures/                                                                                      Templates@      git/               ntuser.ini
 Documents/          'My Documents'@           PrintHood@                                                                                     VeePN/          git-basics/        prom.yaml
 Downloads/           NTUSER.DAT               PycharmProjects/                                                                               Videos/         go/                shell-scripting/

Lenovo@DESKTOP-M5DT73G MINGW64 ~
$ kubectl describe sts alertmanager-prometheus-kube-prometheus-alertmanager > alert.yaml


Lenovo@DESKTOP-M5DT73G MINGW64 ~
$ kubectl get deployment
NAME                                  READY   UP-TO-DATE   AVAILABLE   AGE
prometheus-grafana                    1/1     1            1           24h
prometheus-kube-prometheus-operator   1/1     1            1           24h
prometheus-kube-state-metrics         1/1     1            1           24h

Lenovo@DESKTOP-M5DT73G MINGW64 ~
$ kubectl describe deployment prometheus-kube-prometheus-operator > oper.yaml

Lenovo@DESKTOP-M5DT73G MINGW64 ~
$ kubectl get configmap
NAME                                                           DATA   AGE
kube-root-ca.crt                                               1      9d
mosquitto-config-file                                          1      7d10h
prometheus-grafana                                             1      28h
prometheus-grafana-config-dashboards                           1      28h
prometheus-kube-prometheus-alertmanager-overview               1      28h
prometheus-kube-prometheus-apiserver                           1      28h
prometheus-kube-prometheus-cluster-total                       1      28h
prometheus-kube-prometheus-controller-manager                  1      28h
prometheus-kube-prometheus-etcd                                1      28h
prometheus-kube-prometheus-grafana-datasource                  1      28h
prometheus-kube-prometheus-grafana-overview                    1      28h
prometheus-kube-prometheus-k8s-coredns                         1      28h
prometheus-kube-prometheus-k8s-resources-cluster               1      28h
prometheus-kube-prometheus-k8s-resources-multicluster          1      28h
prometheus-kube-prometheus-k8s-resources-namespace             1      28h
prometheus-kube-prometheus-k8s-resources-node                  1      28h
prometheus-kube-prometheus-k8s-resources-pod                   1      28h
prometheus-kube-prometheus-k8s-resources-workload              1      28h
prometheus-kube-prometheus-k8s-resources-workloads-namespace   1      28h
prometheus-kube-prometheus-kubelet                             1      28h
prometheus-kube-prometheus-namespace-by-pod                    1      28h
prometheus-kube-prometheus-namespace-by-workload               1      28h
prometheus-kube-prometheus-node-cluster-rsrc-use               1      28h
prometheus-kube-prometheus-node-rsrc-use                       1      28h
prometheus-kube-prometheus-nodes                               1      28h
prometheus-kube-prometheus-nodes-aix                           1      28h
prometheus-kube-prometheus-nodes-darwin                        1      28h
prometheus-kube-prometheus-persistentvolumesusage              1      28h
prometheus-kube-prometheus-pod-total                           1      28h
prometheus-kube-prometheus-prometheus                          1      28h
prometheus-kube-prometheus-proxy                               1      28h
prometheus-kube-prometheus-scheduler                           1      28h
prometheus-kube-prometheus-workload-total                      1      28h
prometheus-prometheus-kube-prometheus-prometheus-rulefiles-0   35     28h

Lenovo@DESKTOP-M5DT73G MINGW64 ~
$ kubectl get secret
NAME                                                                                  TYPE                 DATA   AGE
alertmanager-prometheus-kube-prometheus-alertmanager                                  Opaque               1      28h
alertmanager-prometheus-kube-prometheus-alertmanager-cluster-tls-config               Opaque               1      28h
alertmanager-prometheus-kube-prometheus-alertmanager-generated                        Opaque               1      28h
alertmanager-prometheus-kube-prometheus-alertmanager-tls-assets-0                     Opaque               0      28h
alertmanager-prometheus-kube-prometheus-alertmanager-web-config                       Opaque               1      28h
mosquitto-secret-file                                                                 Opaque               1      7d10h
prometheus-grafana                                                                    Opaque               3      28h
prometheus-kube-prometheus-admission                                                  Opaque               3      28h
prometheus-prometheus-kube-prometheus-prometheus                                      Opaque               1      28h
prometheus-prometheus-kube-prometheus-prometheus-thanos-prometheus-http-client-file   Opaque               1      28h
prometheus-prometheus-kube-prometheus-prometheus-tls-assets-0                         Opaque               1      28h
prometheus-prometheus-kube-prometheus-prometheus-web-config                           Opaque               1      28h
sh.helm.release.v1.prometheus.v1                                                      helm.sh/release.v1   1      28h

Lenovo@DESKTOP-M5DT73G MINGW64 ~
$ kubectl get secret prometheus-prometheus-kube-prometheus-prometheus -o yaml
apiVersion: v1
data:
  prometheus.yaml.gz: H4sIAAAAAAAA/+ydSXPjuBWA7/4VOPRB6iktVtvdPfIhNVWTVA6ZyVTm2lUoCHiy0AIBBgBlu8L89xTARaS2SG5Zlq13oUSAeHh4xPIBxHKvzISp8RUhjluWApXag10wNSafhu6KEHj0YDVTVLEJKBeeJCS1JgE/g8yNiYApy5QfLN1682wCvcb98u9KaGohVZKzMfnQ+eOfv9Lff/ntr90Q6YKpjHlp9Io+NlNAp1KBG1/1yAA8b8Q7CL5usDHiHTr1QrAoszccfOw/sURdlcbgRk/lfYzru5lQzRIYEwd2ITn8ZrT0xg72SD9TYH3CNLsHOxheETIz2tjKomTKlIMrQkIwq8GDo04s4yakR6xRMCagRWqk9oUZgzYuZRzKl1K6VDe96s1cEZKAt5I7mjI/G5NBeRsMrdlEAZ15n47GxNss6GEhatbWwJnMcmjlgmiU+M8zew++8BwTSn2S0sZbrmwXBTEe3uuYzAHSGHijZEoT8Iw2TVKYvXiOsjTd78nUggPt6wAW7uFxTDqr78h5xuetN9W9K+1xLJ0tKGDxTR+gdzNQpftS7aPr6EBNaVJk7cMUXQtZaRs0PIKeVeanqbG+yk51LCEH9x5gsj2v7pDIhLDgHC2z8VxqcXCgWiEHKbPMGzsmd00NfzcC7jr9j93SMVWMQwLaj8mH/1z/d0M50kbA+abnDyMOS05qxCGpqau3TZZp+O0tsMq1dcraMkvvQySmRmyTdmBigyRutGdSg90ms36gVY6ENQeVoxBVOlutUv7GpAKR/5lxDiBAdI9o2aqV2JRJeivPVtlxPcA+JbzKw7R2CS3RjLnZ1maq9qws0f+pe7dB3evoVhm99Nuly/4xJ0ZkKqBUO47gn+zORpsS8KHz599/+dev3ZasWNkeEWKuzwlikFeQV94ar1hQhgmwyCzILMgs75VZ9i3lyC0vyC2pDIFeaeTF8RkEvQO9hsBeuVJ+8bTUDnhmgbq5TOkCrJw+LfUipFC9TPxSzejHWRwKG5PBgtmBzfTAAbfg3WD5YF+aQWkzxrnJtB9w1uc26DYBZsFSb+agnyUphnwjAMZNkhoNZSndmxLawaqyVuepo/NMas1CCjiQZVqhmsRYBDrJ6Is732YfMQYxBjFmHWOOUJFui65mkiON/OysXRCfduFTNXJC92+macxPtT1VO8OC54Ja+HcGzud1U1i5UKfMRle57tqlIrPFdz4H3Gjh6CTjc/B3neG3/vVtPvzWH4XLp3iJ9zfxEv9+Dpcv4fI1XH7Or7/1R7fhGi9fbvNR/in/FG5v8pvw8zn/kn/Nf86vb/PRML8Z5je3+e2w2/nWH3b/0jJdLNs/Rp7cWBDanZA7owbuyXlILo3vXmiArXyHFzK2tsc3tuWw65nCEcIewh7C3pFg77uZ/CP8OSnr7VPHIPK93IhZvA+FwBqlwPZOP3OpzTHPG0MrG0McJjsHjNqSpRCrEKsQqxCrEKsQqy4Dq8BzgQNCb51kwltEdkF2QXZBdkF2QXa5DHZJrXl8Qnh56/ASXyPSC9IL0gvSC9IL0stl0IvjMxCZwu9YCFA/CFB1TkKIQohCiEKIQohCiLoIiFLgN9BT2cAUjl4m4DxL0qXHy1IVIcx7xmcxzwrmWR3KCFiiHcLXSeGr6SnNsm46hMe2yWgimgJ/dAqbf3WH82Mz0PEV3GP5HTIYMhgy2MUwWLO+OdkivD3rmHqbnhLE2nE0HzgUqhDwTrrSjztJTQrFEj2XO28su4elU718r7u+fq8/us1H/du41O42vx4N88/Dl1ppV7Hp+rZU/49NvWV83vCgzjMFGtzZ4evK7qzXcXfWzXtiDTgTC+nivkbIvci9yL3Ivci9yL3Ivci9yL3r3FtGsCyGPM1oh08d9TNrvFcgar71xjOVK8MEZQuIOHw9dHnBcytPZQ5s26m7Tr7PVHHqaEcayjNrQftcmgixKwpUrg8g72d+LRUWmHA0AXsPonRywL2xtPBpOT1YGUpj4VbeNIMeL2kJJMY+0U7C0hREpMbcPbD0eDF0gkwqwHErU2+syz1z8wj/HnI/Kw3DHp8dZY84blLYmcApkyqzlU3vZhIss3z29Pw4Y/dgWrWca/Fq8A/Gzmn/412HMyVzLpXMkpxrmatHngfsUIYzJbTLfaZVt//xaDZ3KfCDxMkKXYoWtRbZ/+nupfqPo7f5bWNLLzC1ZhK3CsQ+IPYBsQ+IfUDsA2IfEPuA2Ad8j33AHwPA4ouG2TQ3+IVAb/8topf4tXLcGQfr3WBIS1F01ybYIpHOSaMpZ2W93thXeg/DvB36Ohi11rBlfdpvZQWc8IubPSNpIWm9RdI6CHaQQ16HQxqt+1mdE3rBbf8LHl51nq3/+zhgCw8ERVBBUHnvoIIHa50Fq+BxoMgqyCrPZhU8DBR5BXnlvfMKHgb6SswSZ3VVn+9e4wvPGyGSlTknUjvPNP/huSstOSeggBPOwGlnrZOMaZxve4p8gHyAfHCkKS47KqBTzXhBRjkNozT+hgqxB4+h8n+l88qfsZsKAs77BJxt+RJ3lEPcQdxB3MEd5S4edMoNQUJw78SkEGMyT82UGivAlssPpRbmYUyG7oopsF7qOLU1/t+8ZrOKJXrVJaLUp8EJwWoyTmmNwspjBUshcRZ2amEqH8dkUJSpNrfsIKltLLWJplZ4ao2oUkkXYF1M0WJUJmUt1Rsb1I3VwJ6ldoPB1icGN8x2BB22NOzrszL+FwAA//9fwRJkeJoAAA==
kind: Secret
metadata:
  creationTimestamp: "2025-06-10T13:37:53Z"
  labels:
    managed-by: prometheus-operator
  name: prometheus-prometheus-kube-prometheus-prometheus
  namespace: default
  ownerReferences:
  - apiVersion: monitoring.coreos.com/v1
    blockOwnerDeletion: true
    controller: true
    kind: Prometheus
    name: prometheus-kube-prometheus-prometheus
    uid: 46c650f3-2ece-48ea-bc38-908043db551b
  resourceVersion: "186818"
  uid: 664fe59c-07e5-4c89-9500-81a1f017c40b
type: Opaque

Lenovo@DESKTOP-M5DT73G MINGW64 ~
$ kubectl get secret prometheus-prometheus-kube-prometheus-prometheus -o yaml > secret.yaml

Lenovo@DESKTOP-M5DT73G MINGW64 ~
$ open .
bash: open: command not found

Lenovo@DESKTOP-M5DT73G MINGW64 ~
$ kubectl get configmap | grep *rulfiles

Lenovo@DESKTOP-M5DT73G MINGW64 ~
$ kubectl get configmap | grep *rulfile

Lenovo@DESKTOP-M5DT73G MINGW64 ~
$ kubectl get configmap | grep *rulefile

Lenovo@DESKTOP-M5DT73G MINGW64 ~
$ kubectl get configmap

NAME                                                           DATA   AGE
kube-root-ca.crt                                               1      9d
mosquitto-config-file                                          1      7d10h
prometheus-grafana                                             1      28h
prometheus-grafana-config-dashboards                           1      28h
prometheus-kube-prometheus-alertmanager-overview               1      28h
prometheus-kube-prometheus-apiserver                           1      28h
prometheus-kube-prometheus-cluster-total                       1      28h
prometheus-kube-prometheus-controller-manager                  1      28h
prometheus-kube-prometheus-etcd                                1      28h
prometheus-kube-prometheus-grafana-datasource                  1      28h
prometheus-kube-prometheus-grafana-overview                    1      28h
prometheus-kube-prometheus-k8s-coredns                         1      28h
prometheus-kube-prometheus-k8s-resources-cluster               1      28h
prometheus-kube-prometheus-k8s-resources-multicluster          1      28h
prometheus-kube-prometheus-k8s-resources-namespace             1      28h
prometheus-kube-prometheus-k8s-resources-node                  1      28h
prometheus-kube-prometheus-k8s-resources-pod                   1      28h
prometheus-kube-prometheus-k8s-resources-workload              1      28h
prometheus-kube-prometheus-k8s-resources-workloads-namespace   1      28h
prometheus-kube-prometheus-kubelet                             1      28h
prometheus-kube-prometheus-namespace-by-pod                    1      28h
prometheus-kube-prometheus-namespace-by-workload               1      28h
prometheus-kube-prometheus-node-cluster-rsrc-use               1      28h
prometheus-kube-prometheus-node-rsrc-use                       1      28h
prometheus-kube-prometheus-nodes                               1      28h
prometheus-kube-prometheus-nodes-aix                           1      28h
prometheus-kube-prometheus-nodes-darwin                        1      28h
prometheus-kube-prometheus-persistentvolumesusage              1      28h
prometheus-kube-prometheus-pod-total                           1      28h
prometheus-kube-prometheus-prometheus                          1      28h
prometheus-kube-prometheus-proxy                               1      28h
prometheus-kube-prometheus-scheduler                           1      28h
prometheus-kube-prometheus-workload-total                      1      28h
prometheus-prometheus-kube-prometheus-prometheus-rulefiles-0   35     28h

Lenovo@DESKTOP-M5DT73G MINGW64 ~
$

Lenovo@DESKTOP-M5DT73G MINGW64 ~
$ kubectl get configmap prometheus-prometheus-kube-prometheus-prometheus-rulefiles-0 -o yaml > config.yaml

Lenovo@DESKTOP-M5DT73G MINGW64 ~
$






