PS C:\Users\Lenovo>
PS C:\Users\Lenovo> history

  Id CommandLine
  -- -----------
   1 minikube version
   2 minikube status
   3 minikube --start-driver=vm-none
   4 minikube start --vm-driver=none
   5 minikube start --driver=docker
   6 minikube start --driver=docker
   7 minikube start --driver=docker
   8 kubectl get nodes
   9 clear
  10 minikube status
  11 kubectl get nodes
  12 kubectl get pods
  13 kubectl get svc
  14 kubectl create --help
  15 clear
  16 kubectl create deployment nginx-depl --image=nginx
  17 kubectl get pods
  18 kubectl describe pod nginx-depl
  19 kubectl describe pod nginx-depl
  20 kubectl describe pod nginx-depl
  21 kubectl get rc
  22 kubectl get rs
  23 clear
  24 kubectl get pods -o wide
  25 kubectl edit deployment nginx-depl
  26 kubectl get pods
  27 kubectl edit deployment nginx-depl
  28 kubectl get pods
  29 kubectl describe deployment nginx-depl
  30 kubectl get pods
  31 kubectl get rs
  32 clear
  33 kubectl get rs
  34 kubectl get pods
  35 kubectl logs nginx-depl-54bd6589c-rzlgp
  36 kubectl create deployment mongo-db --image=mongo
  37 kubectl get pods
  38 kubectl get pods
  39 kubectl describe pod mongo-db-7f8495ddd4-6gdpj
  40 kubectl describe pod mongo-db-7f8495ddd4-6gdpj
  41 kubectl describe pod mongo-db-7f8495ddd4-6gdpj
  42 kubectl describe pod mongo-db-7f8495ddd4-6gdpj
  43 kubectl get pods
  44 kubectl logs mongo-db-7f8495ddd4-6gdpj


PS C:\Users\Lenovo> kubectl get rs
NAME                    DESIRED   CURRENT   READY   AGE
nginx-depl-54bd6589c    1         1         1       10m
nginx-depl-558bd7d64c   0         0         0       11m
nginx-depl-68c944fcbc   0         0         0       17m
PS C:\Users\Lenovo> kubectl get pods
NAME                         READY   STATUS    RESTARTS   AGE
nginx-depl-54bd6589c-rzlgp   1/1     Running   0          10m
PS C:\Users\Lenovo> kubectl logs nginx-depl-54bd6589c-rzlgp
PS C:\Users\Lenovo> kubectl create deployment mongo-db --image=mongo
deployment.apps/mongo-db created
PS C:\Users\Lenovo> kubectl get pods
NAME                         READY   STATUS              RESTARTS   AGE
mongo-db-7f8495ddd4-6gdpj    0/1     ContainerCreating   0          7s
nginx-depl-54bd6589c-rzlgp   1/1     Running             0          11m
PS C:\Users\Lenovo> kubectl get pods
NAME                         READY   STATUS              RESTARTS   AGE
mongo-db-7f8495ddd4-6gdpj    0/1     ContainerCreating   0          36s
nginx-depl-54bd6589c-rzlgp   1/1     Running             0          11m
PS C:\Users\Lenovo> kubectl describe pod mongo-db-7f8495ddd4-6gdpj
Name:             mongo-db-7f8495ddd4-6gdpj
Namespace:        default
Priority:         0
Service Account:  default
Node:             minikube/192.168.49.2
Start Time:       Mon, 02 Jun 2025 01:05:47 +0530
Labels:           app=mongo-db
                  pod-template-hash=7f8495ddd4
Annotations:      <none>
Status:           Pending
IP:
IPs:              <none>
Controlled By:    ReplicaSet/mongo-db-7f8495ddd4
Containers:
  mongo:
    Container ID:
    Image:          mongo
    Image ID:
    Port:           <none>
    Host Port:      <none>
    State:          Waiting
      Reason:       ContainerCreating
    Ready:          False
    Restart Count:  0
    Environment:    <none>
    Mounts:
      /var/run/secrets/kubernetes.io/serviceaccount from kube-api-access-l6flv (ro)
Conditions:
  Type                        Status
  PodReadyToStartContainers   False
  Initialized                 True
  Ready                       False
  ContainersReady             False
  PodScheduled                True
Volumes:
  kube-api-access-l6flv:
    Type:                    Projected (a volume that contains injected data from multiple sources)
    TokenExpirationSeconds:  3607
    ConfigMapName:           kube-root-ca.crt
    ConfigMapOptional:       <nil>
    DownwardAPI:             true
QoS Class:                   BestEffort
Node-Selectors:              <none>
Tolerations:                 node.kubernetes.io/not-ready:NoExecute op=Exists for 300s
                             node.kubernetes.io/unreachable:NoExecute op=Exists for 300s
Events:
  Type    Reason     Age   From               Message
  ----    ------     ----  ----               -------
  Normal  Scheduled  74s   default-scheduler  Successfully assigned default/mongo-db-7f8495ddd4-6gdpj to minikube
  Normal  Pulling    73s   kubelet            Pulling image "mongo"
PS C:\Users\Lenovo> kubectl describe pod mongo-db-7f8495ddd4-6gdpj
Name:             mongo-db-7f8495ddd4-6gdpj
Namespace:        default
Priority:         0
Service Account:  default
Node:             minikube/192.168.49.2
Start Time:       Mon, 02 Jun 2025 01:05:47 +0530
Labels:           app=mongo-db
                  pod-template-hash=7f8495ddd4
Annotations:      <none>
Status:           Pending
IP:
IPs:              <none>
Controlled By:    ReplicaSet/mongo-db-7f8495ddd4
Containers:
  mongo:
    Container ID:
    Image:          mongo
    Image ID:
    Port:           <none>
    Host Port:      <none>
    State:          Waiting
      Reason:       ContainerCreating
    Ready:          False
    Restart Count:  0
    Environment:    <none>
    Mounts:
      /var/run/secrets/kubernetes.io/serviceaccount from kube-api-access-l6flv (ro)
Conditions:
  Type                        Status
  PodReadyToStartContainers   False
  Initialized                 True
  Ready                       False
  ContainersReady             False
  PodScheduled                True
Volumes:
  kube-api-access-l6flv:
    Type:                    Projected (a volume that contains injected data from multiple sources)
    TokenExpirationSeconds:  3607
    ConfigMapName:           kube-root-ca.crt
    ConfigMapOptional:       <nil>
    DownwardAPI:             true
QoS Class:                   BestEffort
Node-Selectors:              <none>
Tolerations:                 node.kubernetes.io/not-ready:NoExecute op=Exists for 300s
                             node.kubernetes.io/unreachable:NoExecute op=Exists for 300s
Events:
  Type    Reason     Age   From               Message
  ----    ------     ----  ----               -------
  Normal  Scheduled  89s   default-scheduler  Successfully assigned default/mongo-db-7f8495ddd4-6gdpj to minikube
  Normal  Pulling    88s   kubelet            Pulling image "mongo"
PS C:\Users\Lenovo> kubectl describe pod mongo-db-7f8495ddd4-6gdpj
Name:             mongo-db-7f8495ddd4-6gdpj
Namespace:        default
Priority:         0
Service Account:  default
Node:             minikube/192.168.49.2
Start Time:       Mon, 02 Jun 2025 01:05:47 +0530
Labels:           app=mongo-db
                  pod-template-hash=7f8495ddd4
Annotations:      <none>
Status:           Pending
IP:
IPs:              <none>
Controlled By:    ReplicaSet/mongo-db-7f8495ddd4
Containers:
  mongo:
    Container ID:
    Image:          mongo
    Image ID:
    Port:           <none>
    Host Port:      <none>
    State:          Waiting
      Reason:       ContainerCreating
    Ready:          False
    Restart Count:  0
    Environment:    <none>
    Mounts:
      /var/run/secrets/kubernetes.io/serviceaccount from kube-api-access-l6flv (ro)
Conditions:
  Type                        Status
  PodReadyToStartContainers   False
  Initialized                 True
  Ready                       False
  ContainersReady             False
  PodScheduled                True
Volumes:
  kube-api-access-l6flv:
    Type:                    Projected (a volume that contains injected data from multiple sources)
    TokenExpirationSeconds:  3607
    ConfigMapName:           kube-root-ca.crt
    ConfigMapOptional:       <nil>
    DownwardAPI:             true
QoS Class:                   BestEffort
Node-Selectors:              <none>
Tolerations:                 node.kubernetes.io/not-ready:NoExecute op=Exists for 300s
                             node.kubernetes.io/unreachable:NoExecute op=Exists for 300s
Events:
  Type    Reason     Age   From               Message
  ----    ------     ----  ----               -------
  Normal  Scheduled  103s  default-scheduler  Successfully assigned default/mongo-db-7f8495ddd4-6gdpj to minikube
  Normal  Pulling    102s  kubelet            Pulling image "mongo"
PS C:\Users\Lenovo> kubectl describe pod mongo-db-7f8495ddd4-6gdpj
Name:             mongo-db-7f8495ddd4-6gdpj
Namespace:        default
Priority:         0
Service Account:  default
Node:             minikube/192.168.49.2
Start Time:       Mon, 02 Jun 2025 01:05:47 +0530
Labels:           app=mongo-db
                  pod-template-hash=7f8495ddd4
Annotations:      <none>
Status:           Running
IP:               10.244.0.6
IPs:
  IP:           10.244.0.6
Controlled By:  ReplicaSet/mongo-db-7f8495ddd4
Containers:
  mongo:
    Container ID:   docker://45f78ab42aeaef79b26550f38d0503470b413170a2ca14072a03f00fcded7f12
    Image:          mongo
    Image ID:       docker-pullable://mongo@sha256:3e8fd506d185ea100867c9da5f90414cee744d1545449038c60190f3fd3cc274
    Port:           <none>
    Host Port:      <none>
    State:          Running
      Started:      Mon, 02 Jun 2025 01:07:36 +0530
    Ready:          True
    Restart Count:  0
    Environment:    <none>
    Mounts:
      /var/run/secrets/kubernetes.io/serviceaccount from kube-api-access-l6flv (ro)
Conditions:
  Type                        Status
  PodReadyToStartContainers   True
  Initialized                 True
  Ready                       True
  ContainersReady             True
  PodScheduled                True
Volumes:
  kube-api-access-l6flv:
    Type:                    Projected (a volume that contains injected data from multiple sources)
    TokenExpirationSeconds:  3607
    ConfigMapName:           kube-root-ca.crt
    ConfigMapOptional:       <nil>
    DownwardAPI:             true
QoS Class:                   BestEffort
Node-Selectors:              <none>
Tolerations:                 node.kubernetes.io/not-ready:NoExecute op=Exists for 300s
                             node.kubernetes.io/unreachable:NoExecute op=Exists for 300s
Events:
  Type    Reason     Age   From               Message
  ----    ------     ----  ----               -------
  Normal  Scheduled  117s  default-scheduler  Successfully assigned default/mongo-db-7f8495ddd4-6gdpj to minikube
  Normal  Pulling    116s  kubelet            Pulling image "mongo"
  Normal  Pulled     9s    kubelet            Successfully pulled image "mongo" in 1m47.139s (1m47.139s including waiting). Image size: 890332876 bytes.
  Normal  Created    8s    kubelet            Created container: mongo
  Normal  Started    8s    kubelet            Started container mongo
PS C:\Users\Lenovo> kubectl get pods
NAME                         READY   STATUS    RESTARTS   AGE
mongo-db-7f8495ddd4-6gdpj    1/1     Running   0          2m10s
nginx-depl-54bd6589c-rzlgp   1/1     Running   0          13m
PS C:\Users\Lenovo> kubectl logs mongo-db-7f8495ddd4-6gdpj
{"t":{"$date":"2025-06-01T19:37:36.500+00:00"},"s":"I",  "c":"CONTROL",  "id":23285,   "ctx":"main","msg":"Automatically disabling TLS 1.0, to force-enable TLS 1.0 specify --sslDisabledProtocols 'none'"}
{"t":{"$date":"2025-06-01T19:37:36.500+00:00"},"s":"I",  "c":"CONTROL",  "id":5945603, "ctx":"main","msg":"Multi threading initialized"}
{"t":{"$date":"2025-06-01T19:37:36.500+00:00"},"s":"I",  "c":"NETWORK",  "id":4648601, "ctx":"main","msg":"Implicit TCP FastOpen unavailable. If TCP FastOpen is required, set at least one of the related parameters","attr":{"relatedParameters":["tcpFastOpenServer","tcpFastOpenClient","tcpFastOpenQueueSize"]}}
{"t":{"$date":"2025-06-01T19:37:36.501+00:00"},"s":"I",  "c":"NETWORK",  "id":4915701, "ctx":"main","msg":"Initialized wire specification","attr":{"spec":{"incomingExternalClient":{"minWireVersion":0,"maxWireVersion":25},"incomingInternalClient":{"minWireVersion":0,"maxWireVersion":25},"outgoing":{"minWireVersion":6,"maxWireVersion":25},"isInternalClient":true}}}
{"t":{"$date":"2025-06-01T19:37:36.532+00:00"},"s":"I",  "c":"TENANT_M", "id":7091600, "ctx":"main","msg":"Starting TenantMigrationAccessBlockerRegistry"}
{"t":{"$date":"2025-06-01T19:37:36.532+00:00"},"s":"I",  "c":"CONTROL",  "id":4615611, "ctx":"initandlisten","msg":"MongoDB starting","attr":{"pid":1,"port":27017,"dbPath":"/data/db","architecture":"64-bit","host":"mongo-db-7f8495ddd4-6gdpj"}}

PS C:\Users\Lenovo> kubectl get pods
NAME                         READY   STATUS    RESTARTS   AGE
mongo-db-7f8495ddd4-6gdpj    1/1     Running   0          7m9s
nginx-depl-54bd6589c-rzlgp   1/1     Running   0          18m
PS C:\Users\Lenovo> kubectl exec -it mongo-db-7f8495ddd4-6gdpj -- /bin/bash
root@mongo-db-7f8495ddd4-6gdpj:/# cat /etc/issues
cat: /etc/issues: No such file or directory
root@mongo-db-7f8495ddd4-6gdpj:/# cat /etc/os-release
PRETTY_NAME="Ubuntu 24.04.2 LTS"
NAME="Ubuntu"
VERSION_ID="24.04"
VERSION="24.04.2 LTS (Noble Numbat)"
VERSION_CODENAME=noble
ID=ubuntu
ID_LIKE=debian
HOME_URL="https://www.ubuntu.com/"
SUPPORT_URL="https://help.ubuntu.com/"
BUG_REPORT_URL="https://bugs.launchpad.net/ubuntu/"
PRIVACY_POLICY_URL="https://www.ubuntu.com/legal/terms-and-policies/privacy-policy"
UBUNTU_CODENAME=noble
LOGO=ubuntu-logo
root@mongo-db-7f8495ddd4-6gdpj:/#  

root@mongo-db-7f8495ddd4-6gdpj:/# ls
bin  boot  data  dev  docker-entrypoint-initdb.d  etc  home  js-yaml.js  lib  lib64  media  mnt  opt  proc  root  run  sbin  srv  sys  tmp  usr  var
root@mongo-db-7f8495ddd4-6gdpj:/#

PS C:\Users\Lenovo> kubectl get deployment
NAME         READY   UP-TO-DATE   AVAILABLE   AGE
mongo-db     1/1     1            1           12m
nginx-depl   1/1     1            1           30m
PS C:\Users\Lenovo> kubectl delete deployment mongo-db
deployment.apps "mongo-db" deleted
PS C:\Users\Lenovo> kubectl delete deployment nginx-depl
deployment.apps "nginx-depl" deleted
PS C:\Users\Lenovo>
PS C:\Users\Lenovo> kubectl get rs
No resources found in default namespace.
PS C:\Users\Lenovo> kubectl get replicaset
No resources found in default namespace.
PS C:\Users\Lenovo>


C:\Users\Lenovo\Downloads\nginx-deployment.yml
PS C:\Users\Lenovo> kubectl apply -f "C:\Users\Lenovo\Downloads\nginx-deployment.yml"
deployment.apps/nginx-deployment created
PS C:\Users\Lenovo> kubectl get deployment
NAME               READY   UP-TO-DATE   AVAILABLE   AGE
nginx-deployment   0/2     2            0           12s
PS C:\Users\Lenovo> kubectl get pods
NAME                                READY   STATUS              RESTARTS   AGE
nginx-deployment-647677fc66-9mtk8   0/1     ContainerCreating   0          22s
nginx-deployment-647677fc66-mm2fj   0/1     ContainerCreating   0          22s
PS C:\Users\Lenovo> kubectl get pods
NAME                                READY   STATUS    RESTARTS   AGE
nginx-deployment-647677fc66-9mtk8   1/1     Running   0          51s
nginx-deployment-647677fc66-mm2fj   1/1     Running   0          51s
PS C:\Users\Lenovo> kubectl apply -f "C:\Users\Lenovo\Downloads\nginx-deployment.yml"
deployment.apps/nginx-deployment configured
PS C:\Users\Lenovo> kubectl get rs
NAME                          DESIRED   CURRENT   READY   AGE
nginx-deployment-647677fc66   1         1         1       62s
PS C:\Users\Lenovo> kubectl get pods
NAME                                READY   STATUS    RESTARTS   AGE
nginx-deployment-647677fc66-mm2fj   1/1     Running   0          66s
PS C:\Users\Lenovo>


PS C:\Users\Lenovo> kubectl apply -f "C:\Users\Lenovo\Downloads\nginx-service.yml"
service/my-nginx created
PS C:\Users\Lenovo> kubectl get svc
NAME         TYPE        CLUSTER-IP      EXTERNAL-IP   PORT(S)   AGE
kubernetes   ClusterIP   10.96.0.1       <none>        443/TCP   9h
my-nginx     ClusterIP   10.106.248.64   <none>        80/TCP    12s
PS C:\Users\Lenovo> kubectl describe service my-nginx
Name:                     my-nginx
Namespace:                default
Labels:                   run=my-nginx
Annotations:              <none>
Selector:                 run=my-nginx
Type:                     ClusterIP
IP Family Policy:         SingleStack
IP Families:              IPv4
IP:                       10.106.248.64
IPs:                      10.106.248.64
Port:                     <unset>  80/TCP
TargetPort:               80/TCP
Endpoints:
Session Affinity:         None
Internal Traffic Policy:  Cluster
Events:                   <none>
PS C:\Users\Lenovo> kubectl get svc
NAME         TYPE        CLUSTER-IP      EXTERNAL-IP   PORT(S)   AGE
kubernetes   ClusterIP   10.96.0.1       <none>        443/TCP   9h
my-nginx     ClusterIP   10.106.248.64   <none>        80/TCP    50s
PS C:\Users\Lenovo> kubectl describe deployment nginx-depl
Name:                   nginx-deployment
Namespace:              default
CreationTimestamp:      Mon, 02 Jun 2025 01:26:32 +0530
Labels:                 <none>
Annotations:            deployment.kubernetes.io/revision: 1
Selector:               app=nginx
Replicas:               1 desired | 1 updated | 1 total | 1 available | 0 unavailable
StrategyType:           RollingUpdate
MinReadySeconds:        0
RollingUpdateStrategy:  25% max unavailable, 25% max surge
Pod Template:
  Labels:  app=nginx
  Containers:
   nginx:
    Image:         nginx:1.14.2
    Port:          80/TCP
    Host Port:     0/TCP
    Environment:   <none>
    Mounts:        <none>
  Volumes:         <none>
  Node-Selectors:  <none>
  Tolerations:     <none>
Conditions:
  Type           Status  Reason
  ----           ------  ------
  Available      True    MinimumReplicasAvailable
  Progressing    True    NewReplicaSetAvailable
OldReplicaSets:  <none>
NewReplicaSet:   nginx-deployment-647677fc66 (1/1 replicas created)
Events:
  Type    Reason             Age   From                   Message
  ----    ------             ----  ----                   -------
  Normal  ScalingReplicaSet  8h    deployment-controller  Scaled up replica set nginx-deployment-647677fc66 from 0 to 2
  Normal  ScalingReplicaSet  8h    deployment-controller  Scaled down replica set nginx-deployment-647677fc66 from 2 to 1

PS C:\Users\Lenovo> kubectl describe deployment nginx-deployment
Name:                   nginx-deployment
Namespace:              default
CreationTimestamp:      Mon, 02 Jun 2025 01:26:32 +0530
Labels:                 <none>
Annotations:            deployment.kubernetes.io/revision: 1
Selector:               app=nginx
Replicas:               1 desired | 1 updated | 1 total | 1 available | 0 unavailable
StrategyType:           RollingUpdate
MinReadySeconds:        0
RollingUpdateStrategy:  25% max unavailable, 25% max surge
Pod Template:
  Labels:  app=nginx
  Containers:
   nginx:
    Image:         nginx:1.14.2
    Port:          80/TCP
    Host Port:     0/TCP
    Environment:   <none>
    Mounts:        <none>
  Volumes:         <none>
  Node-Selectors:  <none>
  Tolerations:     <none>
Conditions:
  Type           Status  Reason
  ----           ------  ------
  Available      True    MinimumReplicasAvailable
  Progressing    True    NewReplicaSetAvailable
OldReplicaSets:  <none>
NewReplicaSet:   nginx-deployment-647677fc66 (1/1 replicas created)
Events:
  Type    Reason             Age   From                   Message
  ----    ------             ----  ----                   -------
  Normal  ScalingReplicaSet  8h    deployment-controller  Scaled up replica set nginx-deployment-647677fc66 from 0 to 2
  Normal  ScalingReplicaSet  8h    deployment-controller  Scaled down replica set nginx-deployment-647677fc66 from 2 to 1
PS C:\Users\Lenovo> kubectl edit deployment nginx-deployment
deployment.apps/nginx-deployment edited
PS C:\Users\Lenovo> kubectl describe deployment nginx-deployment
Name:                   nginx-deployment
Namespace:              default
CreationTimestamp:      Mon, 02 Jun 2025 01:26:32 +0530
Labels:                 <none>
Annotations:            deployment.kubernetes.io/revision: 1
Selector:               app=nginx
Replicas:               2 desired | 2 updated | 2 total | 1 available | 1 unavailable
StrategyType:           RollingUpdate
MinReadySeconds:        0
RollingUpdateStrategy:  25% max unavailable, 25% max surge
Pod Template:
  Labels:  app=nginx
  Containers:
   nginx:
    Image:         nginx:1.14.2
    Port:          80/TCP
    Host Port:     0/TCP
    Environment:   <none>
    Mounts:        <none>
  Volumes:         <none>
  Node-Selectors:  <none>
  Tolerations:     <none>
Conditions:
  Type           Status  Reason
  ----           ------  ------
  Progressing    True    NewReplicaSetAvailable
  Available      False   MinimumReplicasUnavailable
OldReplicaSets:  <none>
NewReplicaSet:   nginx-deployment-647677fc66 (2/2 replicas created)
Events:
  Type    Reason             Age   From                   Message
  ----    ------             ----  ----                   -------
  Normal  ScalingReplicaSet  8h    deployment-controller  Scaled up replica set nginx-deployment-647677fc66 from 0 to 2
  Normal  ScalingReplicaSet  8h    deployment-controller  Scaled down replica set nginx-deployment-647677fc66 from 2 to 1
  Normal  ScalingReplicaSet  4s    deployment-controller  Scaled up replica set nginx-deployment-647677fc66 from 1 to 2
PS C:\Users\Lenovo> kubectl get deployment nginx-deployment -o yaml
apiVersion: apps/v1
kind: Deployment
metadata:
  annotations:
    deployment.kubernetes.io/revision: "1"
    kubectl.kubernetes.io/last-applied-configuration: |
      {"apiVersion":"apps/v1","kind":"Deployment","metadata":{"annotations":{},"name":"nginx-deployment","namespace":"default"},"spec":{"replicas":1,"selector":{"matchLabels":{"app":"nginx"}},"template":{"metadata":{"labels":{"app":"nginx"}},"spec":{"containers":[{"image":"nginx:1.14.2","name":"nginx","ports":[{"containerPort":80}]}]}}}}
  creationTimestamp: "2025-06-01T19:56:32Z"
  generation: 3
  name: nginx-deployment
  namespace: default
  resourceVersion: "6196"
  uid: d4a91097-3599-46fb-b089-98fa2e5df70f
spec:
  progressDeadlineSeconds: 600
  replicas: 2
  revisionHistoryLimit: 10
  selector:
    matchLabels:
      app: nginx
  strategy:
    rollingUpdate:
      maxSurge: 25%
      maxUnavailable: 25%
    type: RollingUpdate
  template:
    metadata:
      creationTimestamp: null
      labels:
        app: nginx
    spec:
      containers:
      - image: nginx:1.14.2
        imagePullPolicy: IfNotPresent
        name: nginx
        ports:
        - containerPort: 80
          protocol: TCP
        resources: {}
        terminationMessagePath: /dev/termination-log
        terminationMessagePolicy: File
      dnsPolicy: ClusterFirst
      restartPolicy: Always
      schedulerName: default-scheduler
      securityContext: {}
      terminationGracePeriodSeconds: 30
status:
  availableReplicas: 2
  conditions:
  - lastTransitionTime: "2025-06-01T19:56:33Z"
    lastUpdateTime: "2025-06-01T19:57:20Z"
    message: ReplicaSet "nginx-deployment-647677fc66" has successfully progressed.
    reason: NewReplicaSetAvailable
    status: "True"
    type: Progressing
  - lastTransitionTime: "2025-06-02T04:27:40Z"
    lastUpdateTime: "2025-06-02T04:27:40Z"
    message: Deployment has minimum availability.
    reason: MinimumReplicasAvailable
    status: "True"
    type: Available
  observedGeneration: 3
  readyReplicas: 2
  replicas: 2
  updatedReplicas: 2
PS C:\Users\Lenovo> kubectl get deployment
NAME               READY   UP-TO-DATE   AVAILABLE   AGE
nginx-deployment   2/2     2            2           8h
PS C:\Users\Lenovo> kubectl delete -f deployment nginx-deployment
error: the path "deployment" does not exist
PS C:\Users\Lenovo> kubectl delete -f nginx-deployment
error: the path "nginx-deployment" does not exist
PS C:\Users\Lenovo> kubectl delete -f "C:\Users\Lenovo\Downloads\nginx-deployment.yml"
deployment.apps "nginx-deployment" deleted
PS C:\Users\Lenovo> kubectl get deployment
No resources found in default namespace.
PS C:\Users\Lenovo> kubectl get svc
NAME         TYPE        CLUSTER-IP      EXTERNAL-IP   PORT(S)   AGE
kubernetes   ClusterIP   10.96.0.1       <none>        443/TCP   9h
my-nginx     ClusterIP   10.106.248.64   <none>        80/TCP    10m
PS C:\Users\Lenovo> kubectl get all
NAME                 TYPE        CLUSTER-IP      EXTERNAL-IP   PORT(S)   AGE
service/kubernetes   ClusterIP   10.96.0.1       <none>        443/TCP   9h
service/my-nginx     ClusterIP   10.106.248.64   <none>        80/TCP    17m
PS C:\Users\Lenovo> kubectl delete -f "C:\Users\Lenovo\Downloads\nginx-svc.yml"
error: the path "C:\\Users\\Lenovo\\Downloads\\nginx-svc.yml" does not exist
PS C:\Users\Lenovo>
