
Lenovo@DESKTOP-M5DT73G MINGW64 ~/Downloads
$ kubectl get node
NAME                                               STATUS   ROLES    AGE    VERSION
k3s-kubernentes-3085-1f5d7a-node-pool-11d8-jg2af   Ready    <none>   117m   v1.28.7+k3s1
k3s-kubernentes-3085-1f5d7a-node-pool-11d8-ml34e   Ready    <none>   117m   v1.28.7+k3s1

Lenovo@DESKTOP-M5DT73G MINGW64 ~/Downloads
$ helm search repo bitnami
NAME                                            CHART VERSION   APP VERSION     DESCRIPTION
bitnami/airflow                                 24.1.2          3.0.1           Apache Airflow is a tool to express and execute...
bitnami/apache                                  11.3.13         2.4.63          Apache HTTP Server is an open-source HTTP serve...
bitnami/apisix                                  5.0.2           3.12.0          Apache APISIX is high-performance, real-time AP...
bitnami/appsmith                                6.0.7           1.75.0          Appsmith is an open source platform for buildin...
bitnami/argo-cd                                 9.0.17          3.0.5           Argo CD is a continuous delivery tool for Kuber...
bitnami/argo-workflows                          12.0.5          3.6.10          Argo Workflows is meant to orchestrate Kubernet...
bitnami/aspnet-core                             7.0.5           9.0.5           ASP.NET Core is an open-source framework for we...
bitnami/cadvisor                                0.1.6           0.53.0          cAdvisor (Container Advisor) is an open-source ...
bitnami/cassandra                               12.3.7          5.0.4           Apache Cassandra is an open source distributed ...
bitnami/cert-manager                            1.5.2           1.17.2          cert-manager is a Kubernetes add-on to automate...
bitnami/chainloop                               4.0.16          1.5.0           Chainloop is an open-source Software Supply Cha...
bitnami/cilium                                  3.0.2           1.17.4          Cilium is an eBPF-based networking, observabili...
bitnami/clickhouse                              9.3.2           25.5.2          ClickHouse is an open-source column-oriented OL...
bitnami/clickhouse-operator                     0.2.13          0.25.0          ClickHouse Operator is a production-ready opera...
bitnami/cloudnative-pg                          0.1.21          1.26.0          CloudNativePG is an open-source tool for managi...
bitnami/common                                  2.31.1          2.31.1          A Library Helm Chart for grouping common logic ...
bitnami/concourse                               5.1.34          7.13.2          Concourse is an automation system written in Go...
bitnami/consul                                  11.4.19         1.21.1          HashiCorp Consul is a tool for discovering and ...
bitnami/contour                                 21.0.3          1.32.0          Contour is an open source Kubernetes ingress co...
bitnami/contour-operator                        4.2.1           1.24.0          DEPRECATED The Contour Operator extends the Kub...
bitnami/dataplatform-bp2                        12.0.5          1.0.1           DEPRECATED This Helm chart can be used for the ...
bitnami/deepspeed                               2.3.16          0.17.0          DeepSpeed is deep learning software suite for e...
bitnami/discourse                               16.0.1          3.4.4           Discourse is an open source discussion platform...
bitnami/dokuwiki                                16.2.11         20240206.1.0    DEPRECATED DokuWiki is a standards-compliant wi...
bitnami/dremio                                  3.0.1           26.0.0          Dremio is an open-source self-service data acce...
bitnami/drupal                                  21.2.10         11.1.8          Drupal is one of the most versatile open source...
bitnami/ejbca                                   17.1.3          9.1.1           EJBCA is an enterprise class PKI Certificate Au...
bitnami/elasticsearch                           22.0.6          9.0.2           Elasticsearch is a distributed search and analy...
bitnami/envoy-gateway                           1.0.3           1.4.1           Envoy Gateway simplifies traffic management by ...
bitnami/etcd                                    12.0.3          3.6.1           etcd is a distributed key-value store designed ...
bitnami/external-dns                            8.8.4           0.17.0          ExternalDNS is a Kubernetes addon that configur...
bitnami/flink                                   2.0.4           2.0.0           Apache Flink is a framework and distributed pro...
bitnami/fluent-bit                              3.1.5           4.0.3           Fluent Bit is a Fast and Lightweight Log Proces...
bitnami/fluentd                                 7.1.8           1.18.0          Fluentd collects events from various data sourc...
bitnami/flux                                    2.4.21          1.6.0           Source Controller is a component of Flux. Flux ...
bitnami/geode                                   1.1.8           1.15.1          DEPRECATED Apache Geode is a data management pl...
bitnami/ghost                                   23.0.10         5.121.0         Ghost is an open source publishing platform des...
bitnami/gitea                                   3.2.8           1.23.8          Gitea is a lightweight code hosting solution. W...
bitnami/gitlab-runner                           1.0.1           18.0.2          Gitlab Runner is an auxiliary application for G...
bitnami/grafana                                 12.0.5          12.0.1          Grafana is an open source metric analytics and ...
bitnami/grafana-k6-operator                     0.1.3           0.0.21          Grafana k6 Operator is a Kubernetes operator th...
bitnami/grafana-loki                            4.8.14          3.5.1           Grafana Loki is a horizontally scalable, highly...
bitnami/grafana-mimir                           3.0.2           2.16.0          Grafana Mimir is an open source, horizontally s...
bitnami/grafana-operator                        4.9.21          5.18.0          Grafana Operator is a Kubernetes operator that ...
bitnami/grafana-tempo                           4.0.7           2.7.2           Grafana Tempo is a distributed tracing system t...
bitnami/haproxy                                 2.2.23          3.2.0           HAProxy is a TCP proxy and a HTTP reverse proxy...
bitnami/haproxy-intel                           0.2.11          2.7.1           DEPRECATED HAProxy for Intel is a high-performa...
bitnami/harbor                                  26.7.4          2.13.1          Harbor is an open source trusted cloud-native r...
bitnami/influxdb                                7.1.2           3.1.0           InfluxDB(TM) Core is an open source time-series...
bitnami/jaeger                                  5.1.20          2.6.0           Jaeger is a distributed tracing system. It is u...
bitnami/janusgraph                              1.4.4           1.1.0           JanusGraph is a scalable graph database optimiz...
bitnami/jasperreports                           18.2.5          8.2.0           DEPRECATED JasperReports Server is a stand-alon...
bitnami/jenkins                                 13.6.8          2.504.2         Jenkins is an open source Continuous Integratio...
bitnami/joomla                                  20.0.4          5.1.2           DEPRECATED Joomla! is an award winning open sou...
bitnami/jupyterhub                              9.0.14          5.3.0           JupyterHub brings the power of notebooks to gro...
bitnami/kafka                                   32.2.13         4.0.0           Apache Kafka is a distributed streaming platfor...
bitnami/keycloak                                24.7.3          26.2.5          Keycloak is a high performance Java-based ident...
bitnami/keydb                                   0.5.12          6.3.4           KeyDB is a high performance fork of Redis with ...
bitnami/kiam                                    2.3.12          4.2.0           kiam is a proxy that captures AWS Metadata API ...
bitnami/kibana                                  12.1.1          9.0.2           Kibana is an open source, browser based analyti...
bitnami/kong                                    15.4.9          3.9.0           Kong is an open source Microservice API gateway...
bitnami/kube-arangodb                           0.1.14          1.2.48          kube-arangodb is a Kubernetes Operator that man...
bitnami/kube-prometheus                         11.2.0          0.83.0          Prometheus Operator provides easy monitoring de...
bitnami/kube-state-metrics                      5.0.9           2.15.0          kube-state-metrics is a simple service that lis...
bitnami/kubeapps                                18.0.1          2.12.1          DEPRECATED Kubeapps is a web-based UI for launc...
bitnami/kuberay                                 1.4.13          1.3.2           KubeRay is a Kubernetes operator for deploying ...
bitnami/kubernetes-event-exporter               3.5.4           1.7.0           Kubernetes Event Exporter makes it easy to expo...
bitnami/logstash                                7.0.3           9.0.2           Logstash is an open source data processing engi...
bitnami/magento                                 28.0.5          2.4.7           DEPRECATED Magento is a powerful open source e-...
bitnami/mariadb                                 20.5.7          11.4.7          MariaDB is an open source, community-developed ...
bitnami/mariadb-galera                          14.2.7          11.4.7          MariaDB Galera is a multi-primary database clus...
bitnami/mastodon                                13.0.1          4.3.8           Mastodon is self-hosted social network server b...
bitnami/matomo                                  9.3.11          5.3.2           Matomo, formerly known as Piwik, is a real time...
bitnami/mediawiki                               21.0.5          1.42.1          DEPRECATED MediaWiki is the free and open sourc...
bitnami/memcached                               7.8.5           1.6.38          Memcached is an high-performance, distributed m...
bitnami/metallb                                 6.4.16          0.15.2          MetalLB is a load-balancer implementation for b...
bitnami/metrics-server                          7.4.6           0.7.2           Metrics Server aggregates resource usage data, ...
bitnami/milvus                                  15.0.3          2.5.13          Milvus is a cloud-native, open-source vector da...
bitnami/minio                                   17.0.3          2025.5.24       MinIO(R) is an object storage server, compatibl...
bitnami/minio-operator                          0.1.16          7.1.1           MinIO(R) Operator is a Kubernetes-native tool f...
bitnami/mlflow                                  4.0.1           2.22.0          MLflow is an open-source platform designed to m...
bitnami/mongodb                                 16.5.20         8.0.10          MongoDB(R) is a relational open source NoSQL da...
bitnami/mongodb-sharded                         9.3.5           8.0.10          MongoDB(R) is an open source NoSQL database tha...
bitnami/moodle                                  26.0.3          5.0.0           Moodle(TM) LMS is an open source online Learnin...
bitnami/multus-cni                              2.2.15          4.2.1           Multus is a CNI plugin for Kubernetes clusters....
bitnami/mxnet                                   3.5.2           1.9.1           DEPRECATED Apache MXNet (Incubating) is a flexi...
bitnami/mysql                                   13.0.1          9.3.0           MySQL is a fast, reliable, scalable, and easy t...
bitnami/nats                                    9.0.19          2.11.4          NATS is an open source, lightweight and high-pe...
bitnami/neo4j                                   0.4.5           5.26.7          Neo4j is a high performance graph store with al...
bitnami/nessie                                  2.0.17          0.104.1         Nessie is an open-source version control system...
bitnami/nginx                                   20.0.7          1.28.0          NGINX Open Source is a web server that can be a...
bitnami/nginx-ingress-controller                11.6.24         1.12.3          NGINX Ingress Controller is an Ingress controll...
bitnami/nginx-intel                             2.1.15          0.4.9           DEPRECATED NGINX Open Source for Intel is a lig...
bitnami/node                                    19.1.7          16.18.0         DEPRECATED Node.js is a runtime environment bui...
bitnami/node-exporter                           4.5.14          1.9.1           Prometheus exporter for hardware and OS metrics...
bitnami/oauth2-proxy                            7.0.1           7.9.0           A reverse proxy and static file server that pro...
bitnami/odoo                                    28.2.5          18.0.20250405   Odoo is an open source ERP and CRM platform, fo...
bitnami/opencart                                19.0.4          4.0.2-3         DEPRECATED OpenCart is free open source ecommer...
bitnami/opensearch                              2.0.3           3.0.0           OpenSearch is a scalable open-source solution f...
bitnami/osclass                                 18.2.6          8.2.0           DEPRECATED Osclass allows you to easily create ...
bitnami/owncloud                                12.2.11         10.11.0         DEPRECATED ownCloud is an open source content c...
bitnami/parse                                   25.1.6          8.2.1           Parse is a platform that enables users to add a...
bitnami/phpbb                                   19.0.4          3.3.12          DEPRECATED phpBB is a popular bulletin board th...
bitnami/phpmyadmin                              18.1.9          5.2.2           phpMyAdmin is a free software tool written in P...
bitnami/pinniped                                2.4.18          0.39.0          Pinniped is an identity service provider for Ku...
bitnami/postgresql                              16.7.10         17.5.0          PostgreSQL (Postgres) is an open source object-...
bitnami/postgresql-ha                           16.0.11         17.5.0          This PostgreSQL cluster solution includes the P...
bitnami/prestashop                              22.0.5          8.1.7           DEPRECATED PrestaShop is a powerful open source...
bitnami/prometheus                              2.1.4           3.4.1           Prometheus is an open source monitoring and ale...
bitnami/pytorch                                 4.3.12          2.7.1           PyTorch is a deep learning platform that accele...
bitnami/rabbitmq                                16.0.6          4.1.1           RabbitMQ is an open source general-purpose mess...
bitnami/rabbitmq-cluster-operator               4.4.20          2.14.0          The RabbitMQ Cluster Kubernetes Operator automa...
bitnami/redis                                   21.2.1          8.0.2           Redis(R) is an open source, advanced key-value ...
bitnami/redis-cluster                           12.0.9          8.0.2           Redis(R) is an open source, scalable, distribut...
bitnami/redmine                                 32.2.5          6.0.5           Redmine is an open source management applicatio...
bitnami/schema-registry                         25.1.7          7.9.1           Confluent Schema Registry provides a RESTful in...
bitnami/scylladb                                4.0.3           2025.1.3        ScyllaDB is an open-source, distributed NoSQL w...
bitnami/sealed-secrets                          2.5.13          0.29.0          Sealed Secrets are "one-way" encrypted K8s Secr...
bitnami/seaweedfs                               4.8.19          3.90.0          SeaweedFS is a simple and highly scalable distr...
bitnami/solr                                    9.6.5           9.8.1           Apache Solr is an extremely powerful, open sour...
bitnami/sonarqube                               8.1.8           25.6.0          SonarQube(TM) is an open source quality managem...
bitnami/spark                                   10.0.0          4.0.0           Apache Spark is a high-performance engine for l...
bitnami/spring-cloud-dataflow                   37.0.5          2.11.5          DEPRECATED Spring Cloud Data Flow is a microser...
bitnami/suitecrm                                14.1.1          7.13.4          DEPRECATED SuiteCRM is a completely open source...
bitnami/supabase                                5.3.6           1.24.7          DEPRECATED Supabase is an open source Firebase ...
bitnami/superset                                3.0.2           4.1.2           Superset is a modern data exploration and data ...
bitnami/tensorflow-resnet                       4.3.9           2.19.0          TensorFlow ResNet is a client utility for use w...
bitnami/thanos                                  17.0.2          0.38.0          Thanos is a highly available metrics system tha...
bitnami/tomcat                                  11.7.9          10.1.41         Apache Tomcat is an open-source web server desi...
bitnami/valkey                                  3.0.11          8.1.1           Valkey is an open source (BSD) high-performance...
bitnami/valkey-cluster                          3.0.12          8.1.1           Valkey is an open source (BSD) high-performance...
bitnami/vault                                   1.7.13          1.19.5          Vault is a tool for securely managing and acces...
bitnami/victoriametrics                         0.1.15          1.118.0         VictoriaMetrics is a fast, cost-effective, and ...
bitnami/wavefront                               4.4.3           1.13.0          DEPRECATED Wavefront is a high-performance stre...
bitnami/wavefront-adapter-for-istio             2.0.6           0.1.5           DEPRECATED Wavefront Adapter for Istio is an ad...
bitnami/wavefront-hpa-adapter                   1.5.2           0.9.10          DEPRECATED Wavefront HPA Adapter for Kubernetes...
bitnami/wavefront-prometheus-storage-adapter    2.3.3           1.0.7           DEPRECATED Wavefront Storage Adapter is a Prome...
bitnami/whereabouts                             1.2.12          0.9.0           Whereabouts is a CNI IPAM plugin for Kubernetes...
bitnami/wildfly                                 24.0.7          36.0.1          Wildfly is a lightweight, open source applicati...
bitnami/wordpress                               24.2.9          6.8.1           WordPress is the world's most popular blogging ...
bitnami/wordpress-intel                         2.1.31          6.1.1           DEPRECATED WordPress for Intel is the most popu...
bitnami/zipkin                                  1.3.5           3.5.1           Zipkin is a distributed tracing system that hel...
bitnami/zookeeper                               13.8.3          3.9.3           Apache ZooKeeper provides a reliable, centraliz...

Lenovo@DESKTOP-M5DT73G MINGW64 ~/Downloads
$ helm search repo bitnami/mongodb
NAME                    CHART VERSION   APP VERSION     DESCRIPTION
bitnami/mongodb         16.5.20         8.0.10          MongoDB(R) is a relational open source NoSQL da...
bitnami/mongodb-sharded 9.3.5           8.0.10          MongoDB(R) is an open source NoSQL database tha...

Lenovo@DESKTOP-M5DT73G MINGW64 ~/Downloads
$ helm install mongodb --values test-mongodbs.yaml bitnami/mongodb
Error: INSTALLATION FAILED: cannot re-use a name that is still in use

Lenovo@DESKTOP-M5DT73G MINGW64 ~/Downloads
$ kubectl get pods
NAME                                           READY   STATUS      RESTARTS   AGE
install-traefik2-nodeport-ku-nmbfx             0/1     Completed   0          145m
mongodb-kubernetes-operator-7c9f5fd95b-dk4rx   1/1     Running     0          74m

Lenovo@DESKTOP-M5DT73G MINGW64 ~/Downloads
$ helm install mongodbs --values test-mongodbs.yaml bitnami/mongodb
NAME: mongodbs
LAST DEPLOYED: Mon Jun  9 19:15:43 2025
NAMESPACE: default
STATUS: deployed
REVISION: 1
TEST SUITE: None
NOTES:
CHART NAME: mongodb
CHART VERSION: 16.5.20
APP VERSION: 8.0.10

Did you know there are enterprise versions of the Bitnami catalog? For enhanced secure software supply chain features, unlimited pulls from Docker, LTS support, or application customization, see Bitnami Premium or Tanzu Application Catalog. See https://www.arrow.com/globalecs/na/vendors/bitnami for more information.

** Please be patient while the chart is being deployed **

MongoDB&reg; can be accessed on the following DNS name(s) and ports from within your cluster:

    mongodbs-0.mongodbs-headless.default.svc.cluster.local:27017
    mongodbs-1.mongodbs-headless.default.svc.cluster.local:27017

To get the root password run:

    export MONGODB_ROOT_PASSWORD=$(kubectl get secret --namespace default mongodbs -o jsonpath="{.data.mongodb-root-password}" | base64 -d)

To connect to your database, create a MongoDB&reg; client container:

    kubectl run --namespace default mongodbs-client --rm --tty -i --restart='Never' --env="MONGODB_ROOT_PASSWORD=$MONGODB_ROOT_PASSWORD" --image docker.io/bitnami/mongodb:8.0.10-debian-12-r1 --command -- bash

Then, run the following command:
    mongosh admin --host "mongodbs-0.mongodbs-headless.default.svc.cluster.local:27017,mongodbs-1.mongodbs-headless.default.svc.cluster.local:27017" --authenticationDatabase admin -u $MONGODB_ROOT_USER -p $MONGODB_ROOT_PASSWORD

WARNING: There are "resources" sections in the chart not set. Using "resourcesPreset" is not recommended for production. For production installations, please set the following values according to your workload needs:
  - arbiter.resources
  - resources
+info https://kubernetes.io/docs/concepts/configuration/manage-resources-containers/

Lenovo@DESKTOP-M5DT73G MINGW64 ~/Downloads
$ kubectl get pods
NAME                                           READY   STATUS      RESTARTS   AGE
install-traefik2-nodeport-ku-nmbfx             0/1     Completed   0          145m
mongodb-kubernetes-operator-7c9f5fd95b-dk4rx   1/1     Running     0          74m
mongodbs-0                                     0/1     Pending     0          11s
mongodbs-arbiter-0                             0/1     Running     0          11s

Lenovo@DESKTOP-M5DT73G MINGW64 ~/Downloads
$ kubectl get pods
NAME                                           READY   STATUS      RESTARTS   AGE
install-traefik2-nodeport-ku-nmbfx             0/1     Completed   0          145m
mongodb-kubernetes-operator-7c9f5fd95b-dk4rx   1/1     Running     0          75m
mongodbs-0                                     0/1     Init:0/1    0          29s
mongodbs-arbiter-0                             1/1     Running     0          29s

Lenovo@DESKTOP-M5DT73G MINGW64 ~/Downloads
$ kubectl get pods
NAME                                           READY   STATUS      RESTARTS   AGE
install-traefik2-nodeport-ku-nmbfx             0/1     Completed   0          146m
mongodb-kubernetes-operator-7c9f5fd95b-dk4rx   1/1     Running     0          75m
mongodbs-0                                     0/1     Init:0/1    0          38s
mongodbs-arbiter-0                             1/1     Running     0          38s

Lenovo@DESKTOP-M5DT73G MINGW64 ~/Downloads
$ kubectl get pods
NAME                                           READY   STATUS      RESTARTS      AGE
install-traefik2-nodeport-ku-nmbfx             0/1     Completed   0             146m
mongodb-kubernetes-operator-7c9f5fd95b-dk4rx   1/1     Running     0             75m
mongodbs-arbiter-0                             1/1     Running     1 (25s ago)   69s
mongodbs-0                                     1/1     Running     0             69s
mongodbs-1                                     0/1     Pending     0             1s

Lenovo@DESKTOP-M5DT73G MINGW64 ~/Downloads
$ kubectl get all
NAME                                               READY   STATUS      RESTARTS      AGE
pod/install-traefik2-nodeport-ku-nmbfx             0/1     Completed   0             147m
pod/mongodb-kubernetes-operator-7c9f5fd95b-dk4rx   1/1     Running     0             76m
pod/mongodbs-arbiter-0                             1/1     Running     1 (51s ago)   95s
pod/mongodbs-0                                     1/1     Running     0             95s
pod/mongodbs-1                                     0/1     Pending     0             27s

NAME                                TYPE        CLUSTER-IP      EXTERNAL-IP   PORT(S)     AGE
service/kubernetes                  ClusterIP   10.43.0.1       <none>        443/TCP     148m
service/operator-webhook            ClusterIP   10.43.146.205   <none>        443/TCP     70m
service/mongodbs-arbiter-headless   ClusterIP   None            <none>        27017/TCP   95s
service/mongodbs-headless           ClusterIP   None            <none>        27017/TCP   95s

NAME                                          READY   UP-TO-DATE   AVAILABLE   AGE
deployment.apps/mongodb-kubernetes-operator   1/1     1            1           76m

NAME                                                     DESIRED   CURRENT   READY   AGE
replicaset.apps/mongodb-kubernetes-operator-7c9f5fd95b   1         1         1       76m

NAME                                READY   AGE
statefulset.apps/mongodbs-arbiter   1/1     96s
statefulset.apps/mongodbs           1/2     96s

NAME                                     COMPLETIONS   DURATION   AGE
job.batch/install-traefik2-nodeport-ku   1/1           13s        147m

Lenovo@DESKTOP-M5DT73G MINGW64 ~/Downloads
$ kubectl get secret
NAME                             TYPE                 DATA   AGE
sh.helm.release.v1.mongodb.v1    helm.sh/release.v1   1      77m
mongodbs                         Opaque               2      2m43s
sh.helm.release.v1.mongodbs.v1   helm.sh/release.v1   1      2m43s

680  kubectl gt pods
  681  kubectl get pods
  682  kubectl logs
  683
  684  clear
  685  kubectl get svc
  686  kubectl delete deploy mongo-express
  687  clear
  688  kubectl get deploy
  689  kubectl get secret
  690  kubectl apply -f test-mongo-express.yaml
  691  kubectl get secret
  692  kubectl get deploy
  693  kubectl get pods
  694  kubectl logs mongo-express-5b4b978944-898kv
  695  kubectl get pods
  696  kubectl logs mongo-express-5b4b978944-898kv
  697  kubectl logs mongo-express-5b4b978944-898kv
  698  kubectl ge deploy
  699  kubectl get deploy
  700  kubectl get svc
  701  kubectl describe svc mongo-express-service
  702  clear
  703  kubectl apply -f test-ingress.yaml
  704  kubectl get ingress
  705  kubectl get sts
  706  kubectl scale --replicas=1 statefulset/mongodbs
  707  kubectl get sts
  708  kubectl get deploy
  709  kubectl get pods
  710  kubectl scale --replicas=3 statefulset/mongodbs
  711  kubectl get pods
  712  kubectl get pods
  713  kubectl get deploy
  714  kubectl scale --replicas=1 statefulset/mongodbs
  715  kubectl scale --replicas=1 statefulset/mongodbs
  716  kubectl scale --replicas=4 statefulset/mongodbs
  717  kubectl get pods
  718  kubectl scale --replicas=0 statefulset/mongodbs

  510  set KUBECONFIG=C:\Users\Lenovo\Downloads\kubeconfig.yaml
  511  kubectl config view
  512  export KUBECONFIG="C:\Users\Lenovo\Downloads\kubeconfig.yaml"
  513  kubectl config view
  514  kubectl get pods
  515  kubectl get deploy
  516  kubectl edit deployment mongo-express
  517  kubectl edit deployment mongo-express
  518  kubectl edit deployment mongo-express
  519  kubectl edit deployment mongo-express
  520  kubectl get pods
  521  kubectl get pods
  522  clear
  523  kubectl get deploy
  524  kubectl describe deployment mongo-express
  525  kubectl get pods
  526  kubectl edit deployment mongo-express
  527  kubectl get pods
  528  kubectl exec -it mongo-express-668b65ccdc-w52k4 -- /bin/sh
  529  kubectl edit deployment mongo-express
  530  clear
  531  kubectl get pods
  532  kubectl logs mongo-express-668b65ccdc-w52k4
  533  helm version
  534  helm search repo bitnami/mongodb
  535  kubectl get pods
  536  clear
  537  kubectl get all
  538  kubectl get secret
  539  kubectl get deploy
  540  kubectl edit deploy mongo-express
  541  kubectl get deploy
  542  kubectl describe deploy mongo-express
  543  clear
  544  kubectl get pods
  545  kubectl describe pod mongo-express-668b65ccdc-w52k4
  546  clear
  547  kubectl get deploy
  548  kubctl delete deploy mongo-express
  549  kubectl delete deploy mongo-express
  550  clear
  551  kubectl geet eploy
  552  kubectl geet deploy
  553  kubectl get deploy
  554  kubectl get pods
  555  kubectl get secret
  556  kubectl describe secret mongodbs
  557  clear
  558  pwd
  559  cd Downloads/
  560  kubectl apply -f test-mongo-express.yaml
  561  kubectl get deploy
  562  kubectl get pods
  563  kubectl logs mongo-express-5fb76c74fc-qkckr
  564  kubectl edit deploy test-mongo-express
  565  kubectl edit deploy test-mongo-express.yaml
  566  kubectl get deploy
  567  kubectl edit deploy mongo-express
  568  kubectl get deploy
  569  kubectl get pods
  570  kubectl get pods
  571  kubectl logs mongo-express-8676b847fc-fn9c4
  572  kubectl get svc | grep mongo
  573  clear
  574  kubectl geet deploy
  575  kubectl get deploy
  576  kubectl delete deploy mongo-express
  577  kubectl get deploy
  578  kubectl get deployet
  579  kubectl get deploy
  580  kubectl get pods
  581  kubectl get pod
  582  kubectl get deployment
  583  kubectl describe deployment mongodb-kubernetes-operator
  584  clear
  585  kubectl apply -f test-mongo-express.yaml
  586  kubectl get deployment
  587  kubectl describe deployment mongo-express
  588  kubectl get pods
  589  kubectl logs mongo-express-5fb76c74fc-9g9q8
  590  Lenovo@DESKTOP-M5DT73G MINGW64 ~/Downloads
  591  $ kubectl get deployment
  592  NAME                                     READY   UP-TO-DATE   AVAILABLE   AGE
  593  mongodb-kubernetes-operator              1/1     1            1           16h
  594  nginx-ingress-ingress-nginx-controller   1/1     1            1           14h
  595  mongo-express                            1/1     1            1           5s
  596  Lenovo@DESKTOP-M5DT73G MINGW64 ~/Downloads
  597  $ kubectl describe deployment mongo-express
  598  Name:                   mongo-express
  599  Namespace:              default
  600  CreationTimestamp:      Tue, 10 Jun 2025 10:31:20 +0530
  601  Labels:                 app=mongo-express
  602  Annotations:            deployment.kubernetes.io/revision: 1
  603  Selector:               app=mongo-express
  604  Replicas:               1 desired | 1 updated | 1 total | 1 available | 0 unavailable
  605  StrategyType:           RollingUpdate
  606  MinReadySeconds:        0
  607  RollingUpdateStrategy:  25% max unavailable, 25% max surge
  608  Pod Template:
  609    Labels:  app=mongo-express
  610    Containers:
  611     mongo-express:
  612      Image:      mongo-express:1.0.2-20-alpine3.19
  613      Port:       8081/TCP
  614      Host Port:  0/TCP
  615      Environment:
  616        ME_CONFIG_MONGODB_ADMINUSERNAME:  root
  617        ME_CONFIG_MONGODB_ADMINPASSWORD:  <set to the key 'mongodb-root-password' in secret 'mongodbs'>  Optional: false
  618        ME_CONFIG_MONGODB_SERVER:         mongodbs-0.mongodb-headless
  619      Mounts:                             <none>
  620    Volumes:                              <none>
  621    Node-Selectors:                       <none>
  622    Tolerations:                          <none>
  623  Conditions:
  624    Type           Status  Reason
  625    ----           ------  ------
  626    Available      True    MinimumReplicasAvailable
  627    Progressing    True    NewReplicaSetAvailable
  628  OldReplicaSets:  <none>
  629  NewReplicaSet:   mongo-express-5fb76c74fc (1/1 replicas created)
  630  Events:
  631    Type    Reason             Age   From                   Message
  632    ----    ------             ----  ----                   -------
  633    Normal  ScalingReplicaSet  25s   deployment-controller  Scaled up replica set mongo-express-5fb76c74fc to 1
  634  Lenovo@DESKTOP-M5DT73G MINGW64 ~/Downloads
  635  $ kubectl get pods
  636  NAME                                                      READY   STATUS      RESTARTS      AGE
  637  install-traefik2-nodeport-ku-nmbfx                        0/1     Completed   0             17h
  638  mongodb-kubernetes-operator-7c9f5fd95b-dk4rx              1/1     Running     0             16h
  639  mongodbs-arbiter-0                                        1/1     Running     1 (15h ago)   15h
  640  mongodbs-0                                                1/1     Running     0             15h
  641  mongodbs-1                                                1/1     Running     0             15h
  642  nginx-ingress-ingress-nginx-controller-6bd9c6b4c9-jxkl5   1/1     Running     0             14h
  643  mongo-express-5fb76c74fc-9g9q8                            1/1     Running     1 (4s ago)    44s
  644  Lenovo@DESKTOP-M5DT73G MINGW64 ~/Downloads
  645  $ kubectl logs mongo-express-5fb76c74fc-9g9q8
